Started by user unknown or anonymous
Building in workspace C:\AutomationFramework\JavaSeleniumFramework
[JavaSeleniumFramework] $ cmd /c call C:\Users\TESTAC~1\AppData\Local\Temp\jenkins3501679853955125882.bat

C:\AutomationFramework\JavaSeleniumFramework>C:\AutomationFramework\JavaSeleniumFramework\src\test\resources\testdesign\Minimize.bat

C:\AutomationFramework\JavaSeleniumFramework>START taskkill /f /im Excel.exe 

C:\AutomationFramework\JavaSeleniumFramework>START taskkill /f /im chromedriver.exe 

C:\AutomationFramework\JavaSeleniumFramework>start "" "C:\AutomationFramework\JavaSeleniumFramework\src\test\resources\testdesign\Minimize.vbs" 
[JavaSeleniumFramework] $ cmd.exe /C "C:\Maven\apache-maven-3.5.2\bin\mvn.cmd clean test -Dtest=ScriptGenerator -Dscenario=OrderAtTable_AlcoholicOrderDouble && exit %%ERRORLEVEL%%"
[INFO] Scanning for projects...
[INFO] 
[INFO] ------------------------------------------------------------------------
[INFO] Building onlineAutomation 1.0-SNAPSHOT
[INFO] ------------------------------------------------------------------------
[8mha:////4FgVpCH/S5kjhM4aKaNEG8D32LVTzuWrGPC5JYx/R2KUAAAAYx+LCAAAAAAAAP9b85aBtbiIQSWjNKU4P0+vJLE4u1gvPjexLDVPzxdEhicW5WXmpfvll6S2fNly5fzGzauYGBgqihikoFqS8/OK83NS9ZwhNEghAwQwghQWAACwxA+XYgAAAA==[0m[WARNING] The POM for org.eclipse.jetty.websocket:websocket-client:jar:9.4.5.v20170502 is invalid, transitive dependencies (if any) will not be available, enable debug logging for more details
[8mha:////4FgVpCH/S5kjhM4aKaNEG8D32LVTzuWrGPC5JYx/R2KUAAAAYx+LCAAAAAAAAP9b85aBtbiIQSWjNKU4P0+vJLE4u1gvPjexLDVPzxdEhicW5WXmpfvll6S2fNly5fzGzauYGBgqihikoFqS8/OK83NS9ZwhNEghAwQwghQWAACwxA+XYgAAAA==[0m[WARNING] The POM for org.eclipse.jetty:jetty-client:jar:9.4.5.v20170502 is invalid, transitive dependencies (if any) will not be available, enable debug logging for more details
[8mha:////4FgVpCH/S5kjhM4aKaNEG8D32LVTzuWrGPC5JYx/R2KUAAAAYx+LCAAAAAAAAP9b85aBtbiIQSWjNKU4P0+vJLE4u1gvPjexLDVPzxdEhicW5WXmpfvll6S2fNly5fzGzauYGBgqihikoFqS8/OK83NS9ZwhNEghAwQwghQWAACwxA+XYgAAAA==[0m[WARNING] The POM for org.eclipse.jetty:jetty-http:jar:9.4.5.v20170502 is invalid, transitive dependencies (if any) will not be available, enable debug logging for more details
[8mha:////4FgVpCH/S5kjhM4aKaNEG8D32LVTzuWrGPC5JYx/R2KUAAAAYx+LCAAAAAAAAP9b85aBtbiIQSWjNKU4P0+vJLE4u1gvPjexLDVPzxdEhicW5WXmpfvll6S2fNly5fzGzauYGBgqihikoFqS8/OK83NS9ZwhNEghAwQwghQWAACwxA+XYgAAAA==[0m[WARNING] The POM for org.eclipse.jetty:jetty-io:jar:9.4.5.v20170502 is invalid, transitive dependencies (if any) will not be available, enable debug logging for more details
[8mha:////4FgVpCH/S5kjhM4aKaNEG8D32LVTzuWrGPC5JYx/R2KUAAAAYx+LCAAAAAAAAP9b85aBtbiIQSWjNKU4P0+vJLE4u1gvPjexLDVPzxdEhicW5WXmpfvll6S2fNly5fzGzauYGBgqihikoFqS8/OK83NS9ZwhNEghAwQwghQWAACwxA+XYgAAAA==[0m[WARNING] The POM for org.eclipse.jetty:jetty-util:jar:9.4.5.v20170502 is invalid, transitive dependencies (if any) will not be available, enable debug logging for more details
[8mha:////4FgVpCH/S5kjhM4aKaNEG8D32LVTzuWrGPC5JYx/R2KUAAAAYx+LCAAAAAAAAP9b85aBtbiIQSWjNKU4P0+vJLE4u1gvPjexLDVPzxdEhicW5WXmpfvll6S2fNly5fzGzauYGBgqihikoFqS8/OK83NS9ZwhNEghAwQwghQWAACwxA+XYgAAAA==[0m[WARNING] The POM for org.eclipse.jetty.websocket:websocket-api:jar:9.4.5.v20170502 is invalid, transitive dependencies (if any) will not be available, enable debug logging for more details
[8mha:////4FgVpCH/S5kjhM4aKaNEG8D32LVTzuWrGPC5JYx/R2KUAAAAYx+LCAAAAAAAAP9b85aBtbiIQSWjNKU4P0+vJLE4u1gvPjexLDVPzxdEhicW5WXmpfvll6S2fNly5fzGzauYGBgqihikoFqS8/OK83NS9ZwhNEghAwQwghQWAACwxA+XYgAAAA==[0m[WARNING] The POM for org.eclipse.jetty.websocket:websocket-common:jar:9.4.5.v20170502 is invalid, transitive dependencies (if any) will not be available, enable debug logging for more details
[8mha:////4FgVpCH/S5kjhM4aKaNEG8D32LVTzuWrGPC5JYx/R2KUAAAAYx+LCAAAAAAAAP9b85aBtbiIQSWjNKU4P0+vJLE4u1gvPjexLDVPzxdEhicW5WXmpfvll6S2fNly5fzGzauYGBgqihikoFqS8/OK83NS9ZwhNEghAwQwghQWAACwxA+XYgAAAA==[0m[WARNING] The POM for org.apache.httpcomponents:httpcore:jar:4.3.3 is invalid, transitive dependencies (if any) will not be available, enable debug logging for more details
[8mha:////4FgVpCH/S5kjhM4aKaNEG8D32LVTzuWrGPC5JYx/R2KUAAAAYx+LCAAAAAAAAP9b85aBtbiIQSWjNKU4P0+vJLE4u1gvPjexLDVPzxdEhicW5WXmpfvll6S2fNly5fzGzauYGBgqihikoFqS8/OK83NS9ZwhNEghAwQwghQWAACwxA+XYgAAAA==[0m[WARNING] The artifact org.apache.commons:commons-io:jar:1.3.2 has been relocated to commons-io:commons-io:jar:1.3.2
[INFO] 
[8mha:////4FeHgFSRyne1GA3PpjwbR1R8tgg2WwLe4OMTA4Du3+jlAAAAYB+LCAAAAAAAAP9b85aBtbiIQSmjNKU4P0+vJLE4u1gvPjexLDVPzxdEGvvmZ+X75ZekLlOVfvTjc8FPJgaGiiIGKaiG5Py84vycVD1nCA1SyAABjCCFBQCV27OjYAAAAA==[0m[INFO] --- maven-clean-plugin:2.5:clean (default-clean) @ onlineAutomation ---
[INFO] Deleting C:\AutomationFramework\JavaSeleniumFramework\target
[INFO] 
[8mha:////4FeHgFSRyne1GA3PpjwbR1R8tgg2WwLe4OMTA4Du3+jlAAAAYB+LCAAAAAAAAP9b85aBtbiIQSmjNKU4P0+vJLE4u1gvPjexLDVPzxdEGvvmZ+X75ZekLlOVfvTjc8FPJgaGiiIGKaiG5Py84vycVD1nCA1SyAABjCCFBQCV27OjYAAAAA==[0m[INFO] --- cucumber-jvm-parallel-plugin:4.2.0:generateRunners (generateRunners) @ onlineAutomation ---
[INFO] Adding C:\AutomationFramework\JavaSeleniumFramework\target\generated-test-sources\cucumber to test-compile source root
[INFO] 
[8mha:////4FeHgFSRyne1GA3PpjwbR1R8tgg2WwLe4OMTA4Du3+jlAAAAYB+LCAAAAAAAAP9b85aBtbiIQSmjNKU4P0+vJLE4u1gvPjexLDVPzxdEGvvmZ+X75ZekLlOVfvTjc8FPJgaGiiIGKaiG5Py84vycVD1nCA1SyAABjCCFBQCV27OjYAAAAA==[0m[INFO] --- maven-resources-plugin:2.7:resources (default-resources) @ onlineAutomation ---
[INFO] Using 'UTF-8' encoding to copy filtered resources.
[INFO] Copying 7 resources
[INFO] 
[8mha:////4FeHgFSRyne1GA3PpjwbR1R8tgg2WwLe4OMTA4Du3+jlAAAAYB+LCAAAAAAAAP9b85aBtbiIQSmjNKU4P0+vJLE4u1gvPjexLDVPzxdEGvvmZ+X75ZekLlOVfvTjc8FPJgaGiiIGKaiG5Py84vycVD1nCA1SyAABjCCFBQCV27OjYAAAAA==[0m[INFO] --- maven-compiler-plugin:2.5.1:compile (default-compile) @ onlineAutomation ---
[INFO] Nothing to compile - all classes are up to date
[INFO] 
[8mha:////4FeHgFSRyne1GA3PpjwbR1R8tgg2WwLe4OMTA4Du3+jlAAAAYB+LCAAAAAAAAP9b85aBtbiIQSmjNKU4P0+vJLE4u1gvPjexLDVPzxdEGvvmZ+X75ZekLlOVfvTjc8FPJgaGiiIGKaiG5Py84vycVD1nCA1SyAABjCCFBQCV27OjYAAAAA==[0m[INFO] --- maven-resources-plugin:2.7:testResources (default-testResources) @ onlineAutomation ---
[INFO] Using 'UTF-8' encoding to copy filtered resources.
[INFO] Copying 7 resources
[INFO] 
[8mha:////4FeHgFSRyne1GA3PpjwbR1R8tgg2WwLe4OMTA4Du3+jlAAAAYB+LCAAAAAAAAP9b85aBtbiIQSmjNKU4P0+vJLE4u1gvPjexLDVPzxdEGvvmZ+X75ZekLlOVfvTjc8FPJgaGiiIGKaiG5Py84vycVD1nCA1SyAABjCCFBQCV27OjYAAAAA==[0m[INFO] --- maven-compiler-plugin:2.5.1:testCompile (default-testCompile) @ onlineAutomation ---
[INFO] Compiling 52 source files to C:\AutomationFramework\JavaSeleniumFramework\target\test-classes
[INFO] 
[8mha:////4FeHgFSRyne1GA3PpjwbR1R8tgg2WwLe4OMTA4Du3+jlAAAAYB+LCAAAAAAAAP9b85aBtbiIQSmjNKU4P0+vJLE4u1gvPjexLDVPzxdEGvvmZ+X75ZekLlOVfvTjc8FPJgaGiiIGKaiG5Py84vycVD1nCA1SyAABjCCFBQCV27OjYAAAAA==[0m[INFO] --- maven-surefire-plugin:2.21.0:test (default-test) @ onlineAutomation ---
[INFO] 
[INFO] -------------------------------------------------------
[INFO]  T E S T S
[INFO] -------------------------------------------------------
[INFO] Running com.mab.test.hybrid.ScriptGenerator
Scenario is passed as : OrderAtTable_AlcoholicOrderDouble
-- listing properties --
profile.path=/profiles/jenkins/config.properties
-- listing properties --
harvester.url=https://stage-harvester.cms.mbplc.com/
guest.user=guest
driver.root.dir=tools
iZone.url=https://tables.izone-staging.com/user...
harvester.booking=http://mbplc-mkt-stage2-t.adobe-campa...
mobile=Android
site.url=https://www.harvester.co.uk/
udid=ce0617165176d4120d
autoemail=No
oneills.order.url=https://stage-oneills.cms.mbplc.com/n...
toby.url=https://stage-tobycarvery.cms.mbplc.com/
guest.password=Alex900
project.name=GuestOnline
miller&carter.url=https://www.millerandcarter.co.uk/
emailuser=jamesja@mbplc.com
testToRun=**/ScriptGenerator.class
screenshot=Yes
iZone.user=555045mgr
iZone.password=Sunshine1
emailpassword=Vision18
program.name=Guest Online WebPlatform
reportlink="file://corp.retailhq.net/workspace/I...
browser=chrome
emailrecipients=jamesja@mbplc.com
platform=win32
Starting ChromeDriver 2.41.578737 (49da6702b16031c40d63e5618de03a32ff6c197e) on port 20585
Only local connections are allowed.
Aug 03, 2018 2:11:41 PM org.openqa.selenium.remote.ProtocolHandshake createSession
INFO: Detected dialect: OSS
Current working directory : C:\AutomationFramework\JavaSeleniumFramework
Directory
Aug 03, 2018 2:12:05 PM org.openqa.selenium.interactions.Actions moveToElement
INFO: When using the W3C Action commands, offsets are from the center of element
By.xpath: //span[contains(.,'Set Later')] located
Aug 03, 2018 2:12:10 PM org.openqa.selenium.interactions.Actions moveToElement
INFO: When using the W3C Action commands, offsets are from the center of element
By.xpath: //span[contains(.,'Set Later')] located
Aug 03, 2018 2:12:12 PM org.openqa.selenium.interactions.Actions moveToElement
INFO: When using the W3C Action commands, offsets are from the center of element
Aug 03, 2018 2:12:17 PM org.openqa.selenium.interactions.Actions moveToElement
INFO: When using the W3C Action commands, offsets are from the center of element
By.xpath: //span[contains(.,'Set Later')] located
Aug 03, 2018 2:12:19 PM org.openqa.selenium.interactions.Actions moveToElement
INFO: When using the W3C Action commands, offsets are from the center of element
Aug 03, 2018 2:12:28 PM org.openqa.selenium.interactions.Actions moveToElement
INFO: When using the W3C Action commands, offsets are from the center of element
By.xpath: //h2[@id='BEER'] located
Aug 03, 2018 2:12:32 PM org.openqa.selenium.interactions.Actions moveToElement
INFO: When using the W3C Action commands, offsets are from the center of element
By.xpath: //h2[@id='BEER'] located
Aug 03, 2018 2:12:34 PM org.openqa.selenium.interactions.Actions moveToElement
INFO: When using the W3C Action commands, offsets are from the center of element
Aug 03, 2018 2:12:39 PM org.openqa.selenium.interactions.Actions moveToElement
INFO: When using the W3C Action commands, offsets are from the center of element
By.xpath: //h2[@id='BEER'] located
Aug 03, 2018 2:12:41 PM org.openqa.selenium.interactions.Actions moveToElement
INFO: When using the W3C Action commands, offsets are from the center of element
Aug 03, 2018 2:12:48 PM org.openqa.selenium.interactions.Actions moveToElement
INFO: When using the W3C Action commands, offsets are from the center of element
By.xpath: //span[contains(.,'& Craft')] located
Aug 03, 2018 2:12:53 PM org.openqa.selenium.interactions.Actions moveToElement
INFO: When using the W3C Action commands, offsets are from the center of element
By.xpath: //span[contains(.,'& Craft')] located
Aug 03, 2018 2:12:55 PM org.openqa.selenium.interactions.Actions moveToElement
INFO: When using the W3C Action commands, offsets are from the center of element
Aug 03, 2018 2:12:59 PM org.openqa.selenium.interactions.Actions moveToElement
INFO: When using the W3C Action commands, offsets are from the center of element
By.xpath: //span[contains(.,'& Craft')] located
Aug 03, 2018 2:13:01 PM org.openqa.selenium.interactions.Actions moveToElement
INFO: When using the W3C Action commands, offsets are from the center of element
Aug 03, 2018 2:13:13 PM org.openqa.selenium.interactions.Actions moveToElement
INFO: When using the W3C Action commands, offsets are from the center of element
By.xpath: //div[@class='takeout--menu-customize-dish-modal modal is-visible']//div[@class='small-3 pricing'] located
Aug 03, 2018 2:13:20 PM org.openqa.selenium.interactions.Actions moveToElement
INFO: When using the W3C Action commands, offsets are from the center of element
By.xpath: //input[@id='itemquantity#0']/following-sibling::button[1] located
Aug 03, 2018 2:13:25 PM org.openqa.selenium.interactions.Actions moveToElement
INFO: When using the W3C Action commands, offsets are from the center of element
By.xpath: //input[@id='itemquantity#0']/following-sibling::button[1] located
Aug 03, 2018 2:13:27 PM org.openqa.selenium.interactions.Actions moveToElement
INFO: When using the W3C Action commands, offsets are from the center of element
Aug 03, 2018 2:13:32 PM org.openqa.selenium.interactions.Actions moveToElement
INFO: When using the W3C Action commands, offsets are from the center of element
By.xpath: //input[@id='itemquantity#0']/following-sibling::button[1] located
Aug 03, 2018 2:13:34 PM org.openqa.selenium.interactions.Actions moveToElement
INFO: When using the W3C Action commands, offsets are from the center of element
Aug 03, 2018 2:13:41 PM org.openqa.selenium.interactions.Actions moveToElement
INFO: When using the W3C Action commands, offsets are from the center of element
By.xpath: //div[@class='takeout--menu-customize-dish-modal modal is-visible']//div[@class='small-3 pricing'] located
Aug 03, 2018 2:13:49 PM org.openqa.selenium.interactions.Actions moveToElement
INFO: When using the W3C Action commands, offsets are from the center of element
By.xpath: //div[@class='takeout--menu-customize-dish-modal modal is-visible']//div[@class='small-3 pricing'] located
Aug 03, 2018 2:13:56 PM org.openqa.selenium.interactions.Actions moveToElement
INFO: When using the W3C Action commands, offsets are from the center of element
By.cssSelector: .is-visible > div:nth-child(2) > div:nth-child(1) > div:nth-child(4) > a:nth-child(9) located
Aug 03, 2018 2:14:00 PM org.openqa.selenium.interactions.Actions moveToElement
INFO: When using the W3C Action commands, offsets are from the center of element
By.cssSelector: .is-visible > div:nth-child(2) > div:nth-child(1) > div:nth-child(4) > a:nth-child(9) located
Aug 03, 2018 2:14:02 PM org.openqa.selenium.interactions.Actions moveToElement
INFO: When using the W3C Action commands, offsets are from the center of element
Aug 03, 2018 2:14:07 PM org.openqa.selenium.interactions.Actions moveToElement
INFO: When using the W3C Action commands, offsets are from the center of element
By.cssSelector: .is-visible > div:nth-child(2) > div:nth-child(1) > div:nth-child(4) > a:nth-child(9) located
Aug 03, 2018 2:14:09 PM org.openqa.selenium.interactions.Actions moveToElement
INFO: When using the W3C Action commands, offsets are from the center of element
Aug 03, 2018 2:14:15 PM org.openqa.selenium.interactions.Actions moveToElement
INFO: When using the W3C Action commands, offsets are from the center of element
By.xpath: //a[@class='oat--toggle items'] located
Aug 03, 2018 2:14:19 PM org.openqa.selenium.interactions.Actions moveToElement
INFO: When using the W3C Action commands, offsets are from the center of element
By.xpath: //a[@class='oat--toggle items'] located
Aug 03, 2018 2:14:21 PM org.openqa.selenium.interactions.Actions moveToElement
INFO: When using the W3C Action commands, offsets are from the center of element
Aug 03, 2018 2:14:26 PM org.openqa.selenium.interactions.Actions moveToElement
INFO: When using the W3C Action commands, offsets are from the center of element
By.xpath: //a[@class='oat--toggle items'] located
Aug 03, 2018 2:14:28 PM org.openqa.selenium.interactions.Actions moveToElement
INFO: When using the W3C Action commands, offsets are from the center of element
Aug 03, 2018 2:14:35 PM org.openqa.selenium.interactions.Actions moveToElement
INFO: When using the W3C Action commands, offsets are from the center of element
By.xpath: //div[@class='oat--my-basket-container']//child::span[@class='oat--total']//child::span[@class='amount'] located
Aug 03, 2018 2:14:40 PM org.openqa.selenium.interactions.Actions moveToElement
INFO: When using the W3C Action commands, offsets are from the center of element
By.xpath: //a[@class='main-btn forward-btn basket-continue-to-review'] located
Aug 03, 2018 2:14:45 PM org.openqa.selenium.interactions.Actions moveToElement
INFO: When using the W3C Action commands, offsets are from the center of element
By.xpath: //a[@class='main-btn forward-btn basket-continue-to-review'] located
Aug 03, 2018 2:14:47 PM org.openqa.selenium.interactions.Actions moveToElement
INFO: When using the W3C Action commands, offsets are from the center of element
Aug 03, 2018 2:14:51 PM org.openqa.selenium.interactions.Actions moveToElement
INFO: When using the W3C Action commands, offsets are from the center of element
By.xpath: //a[@class='main-btn forward-btn basket-continue-to-review'] located
Aug 03, 2018 2:14:53 PM org.openqa.selenium.interactions.Actions moveToElement
INFO: When using the W3C Action commands, offsets are from the center of element
Aug 03, 2018 2:15:08 PM org.openqa.selenium.interactions.Actions moveToElement
INFO: When using the W3C Action commands, offsets are from the center of element
By.xpath: //input[@id='email-order_at_table'] located
Aug 03, 2018 2:15:13 PM org.openqa.selenium.interactions.Actions moveToElement
INFO: When using the W3C Action commands, offsets are from the center of element
By.xpath: //input[@id='email-order_at_table'] located
Aug 03, 2018 2:15:15 PM org.openqa.selenium.interactions.Actions moveToElement
INFO: When using the W3C Action commands, offsets are from the center of element
Aug 03, 2018 2:15:19 PM org.openqa.selenium.interactions.Actions moveToElement
INFO: When using the W3C Action commands, offsets are from the center of element
By.xpath: //input[@id='email-order_at_table'] located
Aug 03, 2018 2:15:24 PM org.openqa.selenium.interactions.Actions moveToElement
INFO: When using the W3C Action commands, offsets are from the center of element
By.xpath: //input[@id='email-order_at_table'] located
Aug 03, 2018 2:15:29 PM org.openqa.selenium.interactions.Actions moveToElement
INFO: When using the W3C Action commands, offsets are from the center of element
By.xpath: //label[@for='cardBrand-VISA-order_at_table'] located
Aug 03, 2018 2:15:34 PM org.openqa.selenium.interactions.Actions moveToElement
INFO: When using the W3C Action commands, offsets are from the center of element
By.xpath: //label[@for='cardBrand-VISA-order_at_table'] located
Aug 03, 2018 2:15:36 PM org.openqa.selenium.interactions.Actions moveToElement
INFO: When using the W3C Action commands, offsets are from the center of element
Aug 03, 2018 2:15:40 PM org.openqa.selenium.interactions.Actions moveToElement
INFO: When using the W3C Action commands, offsets are from the center of element
By.xpath: //label[@for='cardBrand-VISA-order_at_table'] located
Aug 03, 2018 2:15:42 PM org.openqa.selenium.interactions.Actions moveToElement
INFO: When using the W3C Action commands, offsets are from the center of element
Aug 03, 2018 2:16:17 PM org.openqa.selenium.interactions.Actions moveToElement
INFO: When using the W3C Action commands, offsets are from the center of element
By.xpath: //label[@id='lbl-termsAndCon-order_at_table'] located
Aug 03, 2018 2:16:21 PM org.openqa.selenium.interactions.Actions moveToElement
INFO: When using the W3C Action commands, offsets are from the center of element
By.xpath: //label[@id='lbl-termsAndCon-order_at_table'] located
Aug 03, 2018 2:16:23 PM org.openqa.selenium.interactions.Actions moveToElement
INFO: When using the W3C Action commands, offsets are from the center of element
Aug 03, 2018 2:16:28 PM org.openqa.selenium.interactions.Actions moveToElement
INFO: When using the W3C Action commands, offsets are from the center of element
By.xpath: //label[@id='lbl-termsAndCon-order_at_table'] located
Aug 03, 2018 2:16:30 PM org.openqa.selenium.interactions.Actions moveToElement
INFO: When using the W3C Action commands, offsets are from the center of element
Aug 03, 2018 2:16:34 PM org.openqa.selenium.interactions.Actions moveToElement
INFO: When using the W3C Action commands, offsets are from the center of element
By.xpath: //label[@for='cardBrand-VISA-order_at_table'] located
Aug 03, 2018 2:16:38 PM org.openqa.selenium.interactions.Actions moveToElement
INFO: When using the W3C Action commands, offsets are from the center of element
By.xpath: //label[@for='cardBrand-VISA-order_at_table'] located
Aug 03, 2018 2:16:40 PM org.openqa.selenium.interactions.Actions moveToElement
INFO: When using the W3C Action commands, offsets are from the center of element
Aug 03, 2018 2:16:45 PM org.openqa.selenium.interactions.Actions moveToElement
INFO: When using the W3C Action commands, offsets are from the center of element
By.xpath: //label[@for='cardBrand-VISA-order_at_table'] located
Aug 03, 2018 2:16:47 PM org.openqa.selenium.interactions.Actions moveToElement
INFO: When using the W3C Action commands, offsets are from the center of element
Aug 03, 2018 2:16:51 PM org.openqa.selenium.interactions.Actions moveToElement
INFO: When using the W3C Action commands, offsets are from the center of element
Aug 03, 2018 2:17:00 PM org.openqa.selenium.interactions.Actions moveToElement
INFO: When using the W3C Action commands, offsets are from the center of element
By.id: payment_frame_frame located
Aug 03, 2018 2:17:11 PM org.openqa.selenium.interactions.Actions moveToElement
INFO: When using the W3C Action commands, offsets are from the center of element
By.id: payment_frame_frame located
Aug 03, 2018 2:17:21 PM org.openqa.selenium.interactions.Actions moveToElement
INFO: When using the W3C Action commands, offsets are from the center of element
By.xpath: //input[@id='payment-cardnumber'] located
Aug 03, 2018 2:17:25 PM org.openqa.selenium.interactions.Actions moveToElement
INFO: When using the W3C Action commands, offsets are from the center of element
By.xpath: //input[@id='payment-cardnumber'] located
Aug 03, 2018 2:17:27 PM org.openqa.selenium.interactions.Actions moveToElement
INFO: When using the W3C Action commands, offsets are from the center of element
Aug 03, 2018 2:17:32 PM org.openqa.selenium.interactions.Actions moveToElement
INFO: When using the W3C Action commands, offsets are from the center of element
By.xpath: //input[@id='payment-cardnumber'] located
Aug 03, 2018 2:17:37 PM org.openqa.selenium.interactions.Actions moveToElement
INFO: When using the W3C Action commands, offsets are from the center of element
By.xpath: //input[@id='payment-cardnumber'] located
Aug 03, 2018 2:17:41 PM org.openqa.selenium.interactions.Actions moveToElement
INFO: When using the W3C Action commands, offsets are from the center of element
By.xpath: //input[@id='payment-cardnumber'] located
Aug 03, 2018 2:17:46 PM org.openqa.selenium.interactions.Actions moveToElement
INFO: When using the W3C Action commands, offsets are from the center of element
By.xpath: //input[@id='payment-cardnumber'] located
Aug 03, 2018 2:17:48 PM org.openqa.selenium.interactions.Actions moveToElement
INFO: When using the W3C Action commands, offsets are from the center of element
Aug 03, 2018 2:17:53 PM org.openqa.selenium.interactions.Actions moveToElement
INFO: When using the W3C Action commands, offsets are from the center of element
By.xpath: //input[@id='payment-cardnumber'] located
Aug 03, 2018 2:17:58 PM org.openqa.selenium.interactions.Actions moveToElement
INFO: When using the W3C Action commands, offsets are from the center of element
By.xpath: //input[@id='payment-cardnumber'] located
Aug 03, 2018 2:18:02 PM org.openqa.selenium.interactions.Actions moveToElement
INFO: When using the W3C Action commands, offsets are from the center of element
By.xpath: //input[@id='payment-cardholdername'] located
Aug 03, 2018 2:18:07 PM org.openqa.selenium.interactions.Actions moveToElement
INFO: When using the W3C Action commands, offsets are from the center of element
By.xpath: //input[@id='payment-cardholdername'] located
Aug 03, 2018 2:18:09 PM org.openqa.selenium.interactions.Actions moveToElement
INFO: When using the W3C Action commands, offsets are from the center of element
Aug 03, 2018 2:18:14 PM org.openqa.selenium.interactions.Actions moveToElement
INFO: When using the W3C Action commands, offsets are from the center of element
By.xpath: //input[@id='payment-cardholdername'] located
Aug 03, 2018 2:18:19 PM org.openqa.selenium.interactions.Actions moveToElement
INFO: When using the W3C Action commands, offsets are from the center of element
By.xpath: //input[@id='payment-cardholdername'] located
Aug 03, 2018 2:18:23 PM org.openqa.selenium.interactions.Actions moveToElement
INFO: When using the W3C Action commands, offsets are from the center of element
By.xpath: //select[@id='payment-expirydate-month'] located
Aug 03, 2018 2:18:28 PM org.openqa.selenium.interactions.Actions moveToElement
INFO: When using the W3C Action commands, offsets are from the center of element
By.xpath: //select[@id='payment-expirydate-month'] located
Aug 03, 2018 2:18:30 PM org.openqa.selenium.interactions.Actions moveToElement
INFO: When using the W3C Action commands, offsets are from the center of element
Aug 03, 2018 2:18:35 PM org.openqa.selenium.interactions.Actions moveToElement
INFO: When using the W3C Action commands, offsets are from the center of element
By.xpath: //select[@id='payment-expirydate-month'] located
Aug 03, 2018 2:18:39 PM org.openqa.selenium.interactions.Actions moveToElement
INFO: When using the W3C Action commands, offsets are from the center of element
By.xpath: //select[@id='payment-expirydate-month'] located
Aug 03, 2018 2:18:44 PM org.openqa.selenium.interactions.Actions moveToElement
INFO: When using the W3C Action commands, offsets are from the center of element
By.xpath: //select[@id='payment-expirydate-year'] located
Aug 03, 2018 2:18:49 PM org.openqa.selenium.interactions.Actions moveToElement
INFO: When using the W3C Action commands, offsets are from the center of element
By.xpath: //select[@id='payment-expirydate-year'] located
Aug 03, 2018 2:18:51 PM org.openqa.selenium.interactions.Actions moveToElement
INFO: When using the W3C Action commands, offsets are from the center of element
Aug 03, 2018 2:18:55 PM org.openqa.selenium.interactions.Actions moveToElement
INFO: When using the W3C Action commands, offsets are from the center of element
By.xpath: //select[@id='payment-expirydate-year'] located
Aug 03, 2018 2:19:00 PM org.openqa.selenium.interactions.Actions moveToElement
INFO: When using the W3C Action commands, offsets are from the center of element
By.xpath: //select[@id='payment-expirydate-year'] located
Aug 03, 2018 2:19:05 PM org.openqa.selenium.interactions.Actions moveToElement
INFO: When using the W3C Action commands, offsets are from the center of element
By.xpath: //input[@id='payment-cvc'] located
Aug 03, 2018 2:19:10 PM org.openqa.selenium.interactions.Actions moveToElement
INFO: When using the W3C Action commands, offsets are from the center of element
By.xpath: //input[@id='payment-cvc'] located
Aug 03, 2018 2:19:12 PM org.openqa.selenium.interactions.Actions moveToElement
INFO: When using the W3C Action commands, offsets are from the center of element
Aug 03, 2018 2:19:16 PM org.openqa.selenium.interactions.Actions moveToElement
INFO: When using the W3C Action commands, offsets are from the center of element
By.xpath: //input[@id='payment-cvc'] located
Aug 03, 2018 2:19:21 PM org.openqa.selenium.interactions.Actions moveToElement
INFO: When using the W3C Action commands, offsets are from the center of element
By.xpath: //input[@id='payment-cvc'] located
Aug 03, 2018 2:19:26 PM org.openqa.selenium.interactions.Actions moveToElement
INFO: When using the W3C Action commands, offsets are from the center of element
By.xpath: //input[@id='payment-submit'] located
Aug 03, 2018 2:19:30 PM org.openqa.selenium.interactions.Actions moveToElement
INFO: When using the W3C Action commands, offsets are from the center of element
By.xpath: //input[@id='payment-submit'] located
Aug 03, 2018 2:19:32 PM org.openqa.selenium.interactions.Actions moveToElement
INFO: When using the W3C Action commands, offsets are from the center of element
Aug 03, 2018 2:19:37 PM org.openqa.selenium.interactions.Actions moveToElement
INFO: When using the W3C Action commands, offsets are from the center of element
By.xpath: //input[@id='payment-submit'] located
Aug 03, 2018 2:19:39 PM org.openqa.selenium.interactions.Actions moveToElement
INFO: When using the W3C Action commands, offsets are from the center of element
HTML Report is stored in the path: C:\AutomationFramework\JavaSeleniumFramework\src\test\resources\testreports\ExecutionLogs\03-08_14-11-42_83\OrderAtTable_AlcoholicOrderDouble_83.html
[INFO] Tests run: 1, Failures: 0, Errors: 0, Skipped: 0, Time elapsed: 509.458 s - in com.mab.test.hybrid.ScriptGenerator
[INFO] 
[INFO] Results:
[INFO] 
[INFO] Tests run: 1, Failures: 0, Errors: 0, Skipped: 0
[INFO] 
[INFO] 
[8mha:////4FeHgFSRyne1GA3PpjwbR1R8tgg2WwLe4OMTA4Du3+jlAAAAYB+LCAAAAAAAAP9b85aBtbiIQSmjNKU4P0+vJLE4u1gvPjexLDVPzxdEGvvmZ+X75ZekLlOVfvTjc8FPJgaGiiIGKaiG5Py84vycVD1nCA1SyAABjCCFBQCV27OjYAAAAA==[0m[INFO] --- maven-surefire-plugin:2.21.0:test (test) @ onlineAutomation ---
[INFO] Tests are skipped.
[INFO] 
[INFO] >>> exec-maven-plugin:1.2.1:java (default) > validate @ onlineAutomation >>>
[INFO] 
[8mha:////4FeHgFSRyne1GA3PpjwbR1R8tgg2WwLe4OMTA4Du3+jlAAAAYB+LCAAAAAAAAP9b85aBtbiIQSmjNKU4P0+vJLE4u1gvPjexLDVPzxdEGvvmZ+X75ZekLlOVfvTjc8FPJgaGiiIGKaiG5Py84vycVD1nCA1SyAABjCCFBQCV27OjYAAAAA==[0m[INFO] --- cucumber-jvm-parallel-plugin:4.2.0:generateRunners (generateRunners) @ onlineAutomation ---
[INFO] Adding C:\AutomationFramework\JavaSeleniumFramework\target\generated-test-sources\cucumber to test-compile source root
[INFO] 
[INFO] <<< exec-maven-plugin:1.2.1:java (default) < validate @ onlineAutomation <<<
[INFO] 
[INFO] 
[8mha:////4FeHgFSRyne1GA3PpjwbR1R8tgg2WwLe4OMTA4Du3+jlAAAAYB+LCAAAAAAAAP9b85aBtbiIQSmjNKU4P0+vJLE4u1gvPjexLDVPzxdEGvvmZ+X75ZekLlOVfvTjc8FPJgaGiiIGKaiG5Py84vycVD1nCA1SyAABjCCFBQCV27OjYAAAAA==[0m[INFO] --- exec-maven-plugin:1.2.1:java (default) @ onlineAutomation ---
[INFO] 
[INFO] --- maven-cucumber-reporting:0.0.8:generate (execution) @ onlineAutomation ---
[8mha:////4FgVpCH/S5kjhM4aKaNEG8D32LVTzuWrGPC5JYx/R2KUAAAAYx+LCAAAAAAAAP9b85aBtbiIQSWjNKU4P0+vJLE4u1gvPjexLDVPzxdEhicW5WXmpfvll6S2fNly5fzGzauYGBgqihikoFqS8/OK83NS9ZwhNEghAwQwghQWAACwxA+XYgAAAA==[0m[WARNING] C:\AutomationFramework\JavaSeleniumFramework\target\cucumber-report\cucumber.json does not exist.
[INFO] ------------------------------------------------------------------------
[INFO] BUILD SUCCESS
[INFO] ------------------------------------------------------------------------
[INFO] Total time: 08:37 min
[INFO] Finished at: 2018-08-03T14:20:07+01:00
[INFO] Final Memory: 38M/453M
[INFO] ------------------------------------------------------------------------
[JavaSeleniumFramework] $ cmd /c call C:\Users\TESTAC~1\AppData\Local\Temp\jenkins3968010914709825868.bat

C:\AutomationFramework\JavaSeleniumFramework>C:\AutomationFramework\JavaSeleniumFramework\src\test\resources\testdesign\Minimize.bat

C:\AutomationFramework\JavaSeleniumFramework>START taskkill /f /im Excel.exe 

C:\AutomationFramework\JavaSeleniumFramework>START taskkill /f /im chromedriver.exe 

C:\AutomationFramework\JavaSeleniumFramework>start "" "C:\AutomationFramework\JavaSeleniumFramework\src\test\resources\testdesign\Minimize.vbs" 
Triggering a new build of [8mha:////4HXWumr0hgRX6BoPwQUaSzeaJ1YNuNhgm6fpiojAAYEJAAAAqB+LCAAAAAAAAP9b85aBtbiIQTGjNKU4P08vOT+vOD8nVc83PyU1x6OyILUoJzMv2y+/JJUBAhiZGBgqihhk0NSjKDWzXb3RdlLBUSYGJk8GtpzUvPSSDB8G5tKinBIGIZ+sxLJE/ZzEvHT94JKizLx0a6BxUmjGOUNodHsLgAyxEgYZ/az8JH3/opTUIseSkMSknNT44MTcVMf0xMw8fQADIf1J0QAAAA==[0mOrderAtTable_SameAgain
Finished: SUCCESS
