Started by user unknown or anonymous
Building in workspace C:\AutomationFramework\JavaSeleniumFramework
[JavaSeleniumFramework] $ cmd /c call C:\Users\TESTAC~1\AppData\Local\Temp\jenkins2041135882647490564.bat

C:\AutomationFramework\JavaSeleniumFramework>C:\AutomationFramework\JavaSeleniumFramework\src\test\resources\testdesign\Minimize.bat

C:\AutomationFramework\JavaSeleniumFramework>START taskkill /f /im Excel.exe 

C:\AutomationFramework\JavaSeleniumFramework>START taskkill /f /im chromedriver.exe 

C:\AutomationFramework\JavaSeleniumFramework>start "" "C:\AutomationFramework\JavaSeleniumFramework\src\test\resources\testdesign\Minimize.vbs" 
[JavaSeleniumFramework] $ cmd.exe /C "C:\Maven\apache-maven-3.5.2\bin\mvn.cmd clean test -Dtest=ScriptGenerator -Dscenario=Misc_SocialMedia && exit %%ERRORLEVEL%%"
[INFO] Scanning for projects...
[INFO] 
[INFO] ------------------------------------------------------------------------
[INFO] Building onlineAutomation 1.0-SNAPSHOT
[INFO] ------------------------------------------------------------------------
[8mha:////4FgVpCH/S5kjhM4aKaNEG8D32LVTzuWrGPC5JYx/R2KUAAAAYx+LCAAAAAAAAP9b85aBtbiIQSWjNKU4P0+vJLE4u1gvPjexLDVPzxdEhicW5WXmpfvll6S2fNly5fzGzauYGBgqihikoFqS8/OK83NS9ZwhNEghAwQwghQWAACwxA+XYgAAAA==[0m[WARNING] The POM for org.eclipse.jetty.websocket:websocket-client:jar:9.4.5.v20170502 is invalid, transitive dependencies (if any) will not be available, enable debug logging for more details
[8mha:////4FgVpCH/S5kjhM4aKaNEG8D32LVTzuWrGPC5JYx/R2KUAAAAYx+LCAAAAAAAAP9b85aBtbiIQSWjNKU4P0+vJLE4u1gvPjexLDVPzxdEhicW5WXmpfvll6S2fNly5fzGzauYGBgqihikoFqS8/OK83NS9ZwhNEghAwQwghQWAACwxA+XYgAAAA==[0m[WARNING] The POM for org.eclipse.jetty:jetty-client:jar:9.4.5.v20170502 is invalid, transitive dependencies (if any) will not be available, enable debug logging for more details
[8mha:////4FgVpCH/S5kjhM4aKaNEG8D32LVTzuWrGPC5JYx/R2KUAAAAYx+LCAAAAAAAAP9b85aBtbiIQSWjNKU4P0+vJLE4u1gvPjexLDVPzxdEhicW5WXmpfvll6S2fNly5fzGzauYGBgqihikoFqS8/OK83NS9ZwhNEghAwQwghQWAACwxA+XYgAAAA==[0m[WARNING] The POM for org.eclipse.jetty:jetty-http:jar:9.4.5.v20170502 is invalid, transitive dependencies (if any) will not be available, enable debug logging for more details
[8mha:////4FgVpCH/S5kjhM4aKaNEG8D32LVTzuWrGPC5JYx/R2KUAAAAYx+LCAAAAAAAAP9b85aBtbiIQSWjNKU4P0+vJLE4u1gvPjexLDVPzxdEhicW5WXmpfvll6S2fNly5fzGzauYGBgqihikoFqS8/OK83NS9ZwhNEghAwQwghQWAACwxA+XYgAAAA==[0m[WARNING] The POM for org.eclipse.jetty:jetty-io:jar:9.4.5.v20170502 is invalid, transitive dependencies (if any) will not be available, enable debug logging for more details
[8mha:////4FgVpCH/S5kjhM4aKaNEG8D32LVTzuWrGPC5JYx/R2KUAAAAYx+LCAAAAAAAAP9b85aBtbiIQSWjNKU4P0+vJLE4u1gvPjexLDVPzxdEhicW5WXmpfvll6S2fNly5fzGzauYGBgqihikoFqS8/OK83NS9ZwhNEghAwQwghQWAACwxA+XYgAAAA==[0m[WARNING] The POM for org.eclipse.jetty:jetty-util:jar:9.4.5.v20170502 is invalid, transitive dependencies (if any) will not be available, enable debug logging for more details
[8mha:////4FgVpCH/S5kjhM4aKaNEG8D32LVTzuWrGPC5JYx/R2KUAAAAYx+LCAAAAAAAAP9b85aBtbiIQSWjNKU4P0+vJLE4u1gvPjexLDVPzxdEhicW5WXmpfvll6S2fNly5fzGzauYGBgqihikoFqS8/OK83NS9ZwhNEghAwQwghQWAACwxA+XYgAAAA==[0m[WARNING] The POM for org.eclipse.jetty.websocket:websocket-api:jar:9.4.5.v20170502 is invalid, transitive dependencies (if any) will not be available, enable debug logging for more details
[8mha:////4FgVpCH/S5kjhM4aKaNEG8D32LVTzuWrGPC5JYx/R2KUAAAAYx+LCAAAAAAAAP9b85aBtbiIQSWjNKU4P0+vJLE4u1gvPjexLDVPzxdEhicW5WXmpfvll6S2fNly5fzGzauYGBgqihikoFqS8/OK83NS9ZwhNEghAwQwghQWAACwxA+XYgAAAA==[0m[WARNING] The POM for org.eclipse.jetty.websocket:websocket-common:jar:9.4.5.v20170502 is invalid, transitive dependencies (if any) will not be available, enable debug logging for more details
[8mha:////4FgVpCH/S5kjhM4aKaNEG8D32LVTzuWrGPC5JYx/R2KUAAAAYx+LCAAAAAAAAP9b85aBtbiIQSWjNKU4P0+vJLE4u1gvPjexLDVPzxdEhicW5WXmpfvll6S2fNly5fzGzauYGBgqihikoFqS8/OK83NS9ZwhNEghAwQwghQWAACwxA+XYgAAAA==[0m[WARNING] The POM for org.apache.httpcomponents:httpcore:jar:4.3.3 is invalid, transitive dependencies (if any) will not be available, enable debug logging for more details
[8mha:////4FgVpCH/S5kjhM4aKaNEG8D32LVTzuWrGPC5JYx/R2KUAAAAYx+LCAAAAAAAAP9b85aBtbiIQSWjNKU4P0+vJLE4u1gvPjexLDVPzxdEhicW5WXmpfvll6S2fNly5fzGzauYGBgqihikoFqS8/OK83NS9ZwhNEghAwQwghQWAACwxA+XYgAAAA==[0m[WARNING] The artifact org.apache.commons:commons-io:jar:1.3.2 has been relocated to commons-io:commons-io:jar:1.3.2
[INFO] 
[8mha:////4FeHgFSRyne1GA3PpjwbR1R8tgg2WwLe4OMTA4Du3+jlAAAAYB+LCAAAAAAAAP9b85aBtbiIQSmjNKU4P0+vJLE4u1gvPjexLDVPzxdEGvvmZ+X75ZekLlOVfvTjc8FPJgaGiiIGKaiG5Py84vycVD1nCA1SyAABjCCFBQCV27OjYAAAAA==[0m[INFO] --- maven-clean-plugin:2.5:clean (default-clean) @ onlineAutomation ---
[INFO] Deleting C:\AutomationFramework\JavaSeleniumFramework\target
[INFO] 
[8mha:////4FeHgFSRyne1GA3PpjwbR1R8tgg2WwLe4OMTA4Du3+jlAAAAYB+LCAAAAAAAAP9b85aBtbiIQSmjNKU4P0+vJLE4u1gvPjexLDVPzxdEGvvmZ+X75ZekLlOVfvTjc8FPJgaGiiIGKaiG5Py84vycVD1nCA1SyAABjCCFBQCV27OjYAAAAA==[0m[INFO] --- cucumber-jvm-parallel-plugin:4.2.0:generateRunners (generateRunners) @ onlineAutomation ---
[INFO] Adding C:\AutomationFramework\JavaSeleniumFramework\target\generated-test-sources\cucumber to test-compile source root
[INFO] 
[8mha:////4FeHgFSRyne1GA3PpjwbR1R8tgg2WwLe4OMTA4Du3+jlAAAAYB+LCAAAAAAAAP9b85aBtbiIQSmjNKU4P0+vJLE4u1gvPjexLDVPzxdEGvvmZ+X75ZekLlOVfvTjc8FPJgaGiiIGKaiG5Py84vycVD1nCA1SyAABjCCFBQCV27OjYAAAAA==[0m[INFO] --- maven-resources-plugin:2.7:resources (default-resources) @ onlineAutomation ---
[INFO] Using 'UTF-8' encoding to copy filtered resources.
[INFO] Copying 7 resources
[INFO] 
[8mha:////4FeHgFSRyne1GA3PpjwbR1R8tgg2WwLe4OMTA4Du3+jlAAAAYB+LCAAAAAAAAP9b85aBtbiIQSmjNKU4P0+vJLE4u1gvPjexLDVPzxdEGvvmZ+X75ZekLlOVfvTjc8FPJgaGiiIGKaiG5Py84vycVD1nCA1SyAABjCCFBQCV27OjYAAAAA==[0m[INFO] --- maven-compiler-plugin:2.5.1:compile (default-compile) @ onlineAutomation ---
[INFO] Nothing to compile - all classes are up to date
[INFO] 
[8mha:////4FeHgFSRyne1GA3PpjwbR1R8tgg2WwLe4OMTA4Du3+jlAAAAYB+LCAAAAAAAAP9b85aBtbiIQSmjNKU4P0+vJLE4u1gvPjexLDVPzxdEGvvmZ+X75ZekLlOVfvTjc8FPJgaGiiIGKaiG5Py84vycVD1nCA1SyAABjCCFBQCV27OjYAAAAA==[0m[INFO] --- maven-resources-plugin:2.7:testResources (default-testResources) @ onlineAutomation ---
[INFO] Using 'UTF-8' encoding to copy filtered resources.
[INFO] Copying 7 resources
[INFO] 
[8mha:////4FeHgFSRyne1GA3PpjwbR1R8tgg2WwLe4OMTA4Du3+jlAAAAYB+LCAAAAAAAAP9b85aBtbiIQSmjNKU4P0+vJLE4u1gvPjexLDVPzxdEGvvmZ+X75ZekLlOVfvTjc8FPJgaGiiIGKaiG5Py84vycVD1nCA1SyAABjCCFBQCV27OjYAAAAA==[0m[INFO] --- maven-compiler-plugin:2.5.1:testCompile (default-testCompile) @ onlineAutomation ---
[INFO] Compiling 52 source files to C:\AutomationFramework\JavaSeleniumFramework\target\test-classes
[INFO] 
[8mha:////4FeHgFSRyne1GA3PpjwbR1R8tgg2WwLe4OMTA4Du3+jlAAAAYB+LCAAAAAAAAP9b85aBtbiIQSmjNKU4P0+vJLE4u1gvPjexLDVPzxdEGvvmZ+X75ZekLlOVfvTjc8FPJgaGiiIGKaiG5Py84vycVD1nCA1SyAABjCCFBQCV27OjYAAAAA==[0m[INFO] --- maven-surefire-plugin:2.21.0:test (default-test) @ onlineAutomation ---
[INFO] 
[INFO] -------------------------------------------------------
[INFO]  T E S T S
[INFO] -------------------------------------------------------
[INFO] Running com.mab.test.hybrid.ScriptGenerator
Scenario is passed as : Misc_SocialMedia
-- listing properties --
profile.path=/profiles/jenkins/config.properties
-- listing properties --
harvester.url=https://stage-harvester.cms.mbplc.com/
guest.user=guest
driver.root.dir=tools
iZone.url=https://tables.izone-staging.com/user...
harvester.booking=http://mbplc-mkt-stage2-t.adobe-campa...
mobile=Android
site.url=https://www.harvester.co.uk/
udid=ce0617165176d4120d
autoemail=No
oneills.order.url=https://stage-oneills.cms.mbplc.com/n...
toby.url=https://stage-tobycarvery.cms.mbplc.com/
guest.password=Alex900
project.name=GuestOnline
miller&carter.url=https://www.millerandcarter.co.uk/
emailuser=jamesja@mbplc.com
testToRun=**/ScriptGenerator.class
screenshot=Yes
iZone.user=555045mgr
iZone.password=Sunshine1
emailpassword=Vision18
program.name=Guest Online WebPlatform
reportlink="file://corp.retailhq.net/workspace/I...
browser=chrome
emailrecipients=jamesja@mbplc.com
platform=win32
Starting ChromeDriver 2.41.578737 (49da6702b16031c40d63e5618de03a32ff6c197e) on port 20604
Only local connections are allowed.
Aug 10, 2018 4:36:03 PM org.openqa.selenium.remote.ProtocolHandshake createSession
INFO: Detected dialect: OSS
Current working directory : C:\AutomationFramework\JavaSeleniumFramework
Directory
Aug 10, 2018 4:36:25 PM org.openqa.selenium.interactions.Actions moveToElement
INFO: When using the W3C Action commands, offsets are from the center of element
By.xpath: //i[@class='fa fa-facebook'] located
Aug 10, 2018 4:36:29 PM org.openqa.selenium.interactions.Actions moveToElement
INFO: When using the W3C Action commands, offsets are from the center of element
By.xpath: //i[@class='fa fa-facebook'] located
Aug 10, 2018 4:36:31 PM org.openqa.selenium.interactions.Actions moveToElement
INFO: When using the W3C Action commands, offsets are from the center of element
Aug 10, 2018 4:36:36 PM org.openqa.selenium.interactions.Actions moveToElement
INFO: When using the W3C Action commands, offsets are from the center of element
By.xpath: //i[@class='fa fa-facebook'] located
Aug 10, 2018 4:36:38 PM org.openqa.selenium.interactions.Actions moveToElement
INFO: When using the W3C Action commands, offsets are from the center of element
2
https://www.facebook.com/harvesterrestaurant
1
Aug 10, 2018 4:36:59 PM org.openqa.selenium.interactions.Actions moveToElement
INFO: When using the W3C Action commands, offsets are from the center of element
By.xpath: //i[@class='fa fa-twitter'] located
Aug 10, 2018 4:37:04 PM org.openqa.selenium.interactions.Actions moveToElement
INFO: When using the W3C Action commands, offsets are from the center of element
By.xpath: //i[@class='fa fa-twitter'] located
Aug 10, 2018 4:37:06 PM org.openqa.selenium.interactions.Actions moveToElement
INFO: When using the W3C Action commands, offsets are from the center of element
Aug 10, 2018 4:37:10 PM org.openqa.selenium.interactions.Actions moveToElement
INFO: When using the W3C Action commands, offsets are from the center of element
By.xpath: //i[@class='fa fa-twitter'] located
Aug 10, 2018 4:37:12 PM org.openqa.selenium.interactions.Actions moveToElement
INFO: When using the W3C Action commands, offsets are from the center of element
2
https://twitter.com/HarvesterUK
1
Aug 10, 2018 4:37:28 PM org.openqa.selenium.interactions.Actions moveToElement
INFO: When using the W3C Action commands, offsets are from the center of element
By.xpath: //i[@class='fa fa-instagram'] located
Aug 10, 2018 4:37:33 PM org.openqa.selenium.interactions.Actions moveToElement
INFO: When using the W3C Action commands, offsets are from the center of element
By.xpath: //i[@class='fa fa-instagram'] located
Aug 10, 2018 4:37:35 PM org.openqa.selenium.interactions.Actions moveToElement
INFO: When using the W3C Action commands, offsets are from the center of element
Aug 10, 2018 4:37:40 PM org.openqa.selenium.interactions.Actions moveToElement
INFO: When using the W3C Action commands, offsets are from the center of element
By.xpath: //i[@class='fa fa-instagram'] located
Aug 10, 2018 4:37:42 PM org.openqa.selenium.interactions.Actions moveToElement
INFO: When using the W3C Action commands, offsets are from the center of element
2
https://www.instagram.com/harvesteruk/
1
HTML Report is stored in the path: C:\AutomationFramework\JavaSeleniumFramework\src\test\resources\testreports\ExecutionLogs\10-08_16-36-05_21\Misc_SocialMedia_21.html
[INFO] Tests run: 1, Failures: 0, Errors: 0, Skipped: 0, Time elapsed: 118.442 s - in com.mab.test.hybrid.ScriptGenerator
[INFO] 
[INFO] Results:
[INFO] 
[INFO] Tests run: 1, Failures: 0, Errors: 0, Skipped: 0
[INFO] 
[INFO] 
[8mha:////4FeHgFSRyne1GA3PpjwbR1R8tgg2WwLe4OMTA4Du3+jlAAAAYB+LCAAAAAAAAP9b85aBtbiIQSmjNKU4P0+vJLE4u1gvPjexLDVPzxdEGvvmZ+X75ZekLlOVfvTjc8FPJgaGiiIGKaiG5Py84vycVD1nCA1SyAABjCCFBQCV27OjYAAAAA==[0m[INFO] --- maven-surefire-plugin:2.21.0:test (test) @ onlineAutomation ---
[INFO] Tests are skipped.
[INFO] 
[INFO] >>> exec-maven-plugin:1.2.1:java (default) > validate @ onlineAutomation >>>
[INFO] 
[8mha:////4FeHgFSRyne1GA3PpjwbR1R8tgg2WwLe4OMTA4Du3+jlAAAAYB+LCAAAAAAAAP9b85aBtbiIQSmjNKU4P0+vJLE4u1gvPjexLDVPzxdEGvvmZ+X75ZekLlOVfvTjc8FPJgaGiiIGKaiG5Py84vycVD1nCA1SyAABjCCFBQCV27OjYAAAAA==[0m[INFO] --- cucumber-jvm-parallel-plugin:4.2.0:generateRunners (generateRunners) @ onlineAutomation ---
[INFO] Adding C:\AutomationFramework\JavaSeleniumFramework\target\generated-test-sources\cucumber to test-compile source root
[INFO] 
[INFO] <<< exec-maven-plugin:1.2.1:java (default) < validate @ onlineAutomation <<<
[INFO] 
[INFO] 
[8mha:////4FeHgFSRyne1GA3PpjwbR1R8tgg2WwLe4OMTA4Du3+jlAAAAYB+LCAAAAAAAAP9b85aBtbiIQSmjNKU4P0+vJLE4u1gvPjexLDVPzxdEGvvmZ+X75ZekLlOVfvTjc8FPJgaGiiIGKaiG5Py84vycVD1nCA1SyAABjCCFBQCV27OjYAAAAA==[0m[INFO] --- exec-maven-plugin:1.2.1:java (default) @ onlineAutomation ---
[INFO] 
[INFO] --- maven-cucumber-reporting:0.0.8:generate (execution) @ onlineAutomation ---
[8mha:////4FgVpCH/S5kjhM4aKaNEG8D32LVTzuWrGPC5JYx/R2KUAAAAYx+LCAAAAAAAAP9b85aBtbiIQSWjNKU4P0+vJLE4u1gvPjexLDVPzxdEhicW5WXmpfvll6S2fNly5fzGzauYGBgqihikoFqS8/OK83NS9ZwhNEghAwQwghQWAACwxA+XYgAAAA==[0m[WARNING] C:\AutomationFramework\JavaSeleniumFramework\target\cucumber-report\cucumber.json does not exist.
[INFO] ------------------------------------------------------------------------
[INFO] BUILD SUCCESS
[INFO] ------------------------------------------------------------------------
[INFO] Total time: 02:07 min
[INFO] Finished at: 2018-08-10T16:37:58+01:00
[INFO] Final Memory: 38M/448M
[INFO] ------------------------------------------------------------------------
[JavaSeleniumFramework] $ cmd /c call C:\Users\TESTAC~1\AppData\Local\Temp\jenkins6335454183688891689.bat

C:\AutomationFramework\JavaSeleniumFramework>C:\AutomationFramework\JavaSeleniumFramework\src\test\resources\testdesign\Minimize.bat

C:\AutomationFramework\JavaSeleniumFramework>START taskkill /f /im Excel.exe 

C:\AutomationFramework\JavaSeleniumFramework>START taskkill /f /im chromedriver.exe 

C:\AutomationFramework\JavaSeleniumFramework>start "" "C:\AutomationFramework\JavaSeleniumFramework\src\test\resources\testdesign\Minimize.vbs" 
Finished: SUCCESS
